==============================================================================
PAIR 004 — PRIOR-GUIDED TILED LIGHTGLUE GRADIENT
==============================================================================

Canonical shape: 1817 x 5037
Science-valid pixels   : 2,340,471
Nonzero matcher pixels : 2,171,848
Eroded matcher pixels  : 1,905,824

Global LightGlue-gradient affine:
[[ 1.00000000e+00  0.00000000e+00  0.00000000e+00]
 [-6.00899495e-19  1.00000000e+00  1.09875154e-14]]

Device: cuda
GPU: NVIDIA GeForce RTX 4070 Laptop GPU

Candidate tiles: 40
Tile 01/40 src=(0,0) valid=82,606 raw=529 kept=419
Tile 02/40 src=(512,0) valid=208,624 raw=580 kept=453
Tile 03/40 src=(1024,0) valid=295,084 raw=395 kept=341
Tile 04/40 src=(1536,0) valid=192,391 raw=187 kept=164
Tile 05/40 src=(2048,0) valid=87,301 raw=104 kept=81
Tile 06/40 src=(2560,0) valid=12,578 raw=1 kept=1
Tile 11/40 src=(0,512) valid=22,477 raw=24 kept=19
Tile 12/40 src=(512,512) valid=121,584 raw=22 kept=14
Tile 13/40 src=(1024,512) valid=238,019 raw=47 kept=19
Tile 14/40 src=(1536,512) valid=326,312 raw=40 kept=17
Tile 15/40 src=(2048,512) valid=350,981 raw=236 kept=213
Tile 16/40 src=(2560,512) valid=340,317 raw=195 kept=171
Tile 17/40 src=(3072,512) valid=248,609 raw=394 kept=341
Tile 18/40 src=(3584,512) valid=142,218 raw=289 kept=245
Tile 19/40 src=(4096,512) valid=45,262 raw=129 kept=108
Tile 20/40 src=(4269,512) valid=22,764 raw=10 kept=0
Tile 25/40 src=(2048,1024) valid=68,536 raw=1 kept=0
Tile 26/40 src=(2560,1024) valid=178,429 raw=18 kept=7
Tile 27/40 src=(3072,1024) valid=282,005 raw=186 kept=171
Tile 28/40 src=(3584,1024) valid=338,345 raw=490 kept=441
Tile 29/40 src=(4096,1024) valid=323,422 raw=563 kept=495
Tile 30/40 src=(4269,1024) valid=282,394 raw=640 kept=547
Tile 35/40 src=(2048,1049) valid=52,193 raw=14 kept=7
Tile 36/40 src=(2560,1049) valid=159,464 raw=16 kept=4
Tile 37/40 src=(3072,1049) valid=265,777 raw=111 kept=101
Tile 38/40 src=(3584,1049) valid=333,921 raw=429 kept=394
Tile 39/40 src=(4096,1049) valid=323,427 raw=567 kept=496
Tile 40/40 src=(4269,1049) valid=282,478 raw=651 kept=536


==============================================================================
TILED MATCH COLLECTION
==============================================================================
Tiles actually run        : 28
Raw LightGlue matches     : 6868
After matcher-mask filter : 5924
After generous prior gate : 5805
Before deduplication      : 5805
Distinct correspondences  : 5360


==============================================================================
FINAL TILED LIGHTGLUE RESULT
==============================================================================
Distinct candidates       : 5360
RANSAC inliers            : 3415
Inlier ratio              : 0.637127
RANSAC self RMSE px       : 1.452577
Median residual px        : 1.066134
Mean residual px          : 1.230263
Spatial coverage          : 25/30 (0.8333)
Runtime s                 : 2.951
Transform sane            : True

Affine:
[[ 1.00002610e+00 -2.35679096e-04  4.27786428e-01]
 [ 2.25876587e-04  9.99141287e-01  2.46181866e-01]]

Translation px: 0.493565
Rotation deg: 0.012941
Scale X: 1.00002613
Scale Y: 0.99914131
Determinant: 0.99916742
Axis dot: -0.00001001


==============================================================================
OUTPUTS
==============================================================================
E:\SIH26166\results\pair_004\auto_hypothesis_selection\candidates\lightglue_intensity\pair004_tiled_lightglue_metrics.json
E:\SIH26166\results\pair_004\auto_hypothesis_selection\candidates\lightglue_intensity\pair004_tiled_lightglue_inliers.csv
E:\SIH26166\results\pair_004\auto_hypothesis_selection\candidates\lightglue_intensity\pair004_tiled_lightglue_matches.png

PAIR 004 TILED LIGHTGLUE COMPLETE.
