==============================================================================
PAIR 004 — PRIOR-GUIDED TILED LIGHTGLUE GRADIENT
==============================================================================

Canonical shape: 1152 x 2642
Science-valid pixels   : 815,047
Nonzero matcher pixels : 815,047
Eroded matcher pixels  : 781,714

Global LightGlue-gradient affine:
[[ 1.00016246e+00 -4.50982024e-04  1.43564675e-01]
 [ 1.80347433e-04  9.98417720e-01  6.19263492e-01]]

Device: cuda
GPU: NVIDIA GeForce RTX 4070 Laptop GPU

Candidate tiles: 10
Tile 01/10 src=(0,0) valid=175,407 raw=42 kept=35
Tile 02/10 src=(512,0) valid=233,459 raw=5 kept=0
Tile 03/10 src=(1024,0) valid=210,099 raw=14 kept=0
Tile 04/10 src=(1536,0) valid=143,152 raw=103 kept=60
Tile 05/10 src=(1874,0) valid=84,236 raw=120 kept=78
Tile 06/10 src=(0,384) valid=135,342 raw=9 kept=4
Tile 07/10 src=(512,384) valid=226,711 raw=4 kept=0
Tile 08/10 src=(1024,384) valid=262,779 raw=15 kept=2
Tile 09/10 src=(1536,384) valid=294,414 raw=17 kept=12
Tile 10/10 src=(1874,384) valid=234,541 raw=94 kept=64


==============================================================================
TILED MATCH COLLECTION
==============================================================================
Tiles actually run        : 10
Raw LightGlue matches     : 423
After matcher-mask filter : 395
After generous prior gate : 255
Before deduplication      : 255
Distinct correspondences  : 251


==============================================================================
FINAL TILED LIGHTGLUE RESULT
==============================================================================
Distinct candidates       : 251
RANSAC inliers            : 33
Inlier ratio              : 0.131474
RANSAC self RMSE px       : 1.644958
Median residual px        : 1.279795
Mean residual px          : 1.443873
Spatial coverage          : 3/30 (0.1000)
Runtime s                 : 1.222
Transform sane            : False

Affine:
[[ 1.42982076e+00 -3.33455319e-01 -8.00344291e+02]
 [ 5.87136605e-02  9.64145391e-01 -1.14921412e+02]]

Translation px: 808.552976
Rotation deg: 2.351453
Scale X: 1.43102575
Scale Y: 1.02018076
Determinant: 1.39813347
Axis dot: -0.28780835


==============================================================================
OUTPUTS
==============================================================================
E:\SIH26166\results\pair_007\auto_hypothesis_selection\candidates\loftr_gradient\pair007_tiled_lightglue_metrics.json
E:\SIH26166\results\pair_007\auto_hypothesis_selection\candidates\loftr_gradient\pair007_tiled_lightglue_inliers.csv
E:\SIH26166\results\pair_007\auto_hypothesis_selection\candidates\loftr_gradient\pair007_tiled_lightglue_matches.png

PAIR 004 TILED LIGHTGLUE COMPLETE.
