==============================================================================
PAIR 004 — PRIOR-GUIDED TILED LIGHTGLUE GRADIENT
==============================================================================

Canonical shape: 1817 x 5037
Science-valid pixels   : 2,340,471
Nonzero matcher pixels : 2,171,848
Eroded matcher pixels  : 1,905,824

Global LightGlue-gradient affine:
[[ 1.00000000e+00  4.23699543e-16 -1.26897660e-13]
 [-5.42359641e-19  1.00000000e+00  3.17418279e-14]]

Device: cuda
GPU: NVIDIA GeForce RTX 4070 Laptop GPU

Candidate tiles: 40
Tile 01/40 src=(0,0) valid=82,606 raw=548 kept=441
Tile 02/40 src=(512,0) valid=208,624 raw=552 kept=425
Tile 03/40 src=(1024,0) valid=295,084 raw=373 kept=323
Tile 04/40 src=(1536,0) valid=192,391 raw=170 kept=145
Tile 05/40 src=(2048,0) valid=87,301 raw=122 kept=96
Tile 06/40 src=(2560,0) valid=12,578 raw=2 kept=2
Tile 11/40 src=(0,512) valid=22,477 raw=26 kept=20
Tile 12/40 src=(512,512) valid=121,584 raw=22 kept=14
Tile 13/40 src=(1024,512) valid=238,019 raw=32 kept=1
Tile 14/40 src=(1536,512) valid=326,312 raw=42 kept=1
Tile 15/40 src=(2048,512) valid=350,981 raw=118 kept=101
Tile 16/40 src=(2560,512) valid=340,317 raw=175 kept=152
Tile 17/40 src=(3072,512) valid=248,609 raw=370 kept=314
Tile 18/40 src=(3584,512) valid=142,218 raw=270 kept=225
Tile 19/40 src=(4096,512) valid=45,262 raw=117 kept=94
Tile 20/40 src=(4269,512) valid=22,764 raw=17 kept=0
Tile 25/40 src=(2048,1024) valid=68,536 raw=1 kept=0
Tile 26/40 src=(2560,1024) valid=178,429 raw=24 kept=11
Tile 27/40 src=(3072,1024) valid=282,005 raw=145 kept=128
Tile 28/40 src=(3584,1024) valid=338,345 raw=490 kept=441
Tile 29/40 src=(4096,1024) valid=323,422 raw=563 kept=495
Tile 30/40 src=(4269,1024) valid=282,394 raw=614 kept=517
Tile 35/40 src=(2048,1049) valid=52,193 raw=2 kept=1
Tile 36/40 src=(2560,1049) valid=159,464 raw=17 kept=3
Tile 37/40 src=(3072,1049) valid=265,777 raw=112 kept=96
Tile 38/40 src=(3584,1049) valid=333,921 raw=429 kept=394
Tile 39/40 src=(4096,1049) valid=323,427 raw=567 kept=496
Tile 40/40 src=(4269,1049) valid=282,478 raw=636 kept=521


==============================================================================
TILED MATCH COLLECTION
==============================================================================
Tiles actually run        : 28
Raw LightGlue matches     : 6556
After matcher-mask filter : 5605
After generous prior gate : 5457
Before deduplication      : 5457
Distinct correspondences  : 5228


==============================================================================
FINAL TILED LIGHTGLUE RESULT
==============================================================================
Distinct candidates       : 5228
RANSAC inliers            : 3011
Inlier ratio              : 0.575937
RANSAC self RMSE px       : 1.449803
Median residual px        : 1.093235
Mean residual px          : 1.234331
Spatial coverage          : 24/30 (0.8000)
Runtime s                 : 2.889
Transform sane            : True

Affine:
[[ 9.98927424e-01  3.09283812e-03  3.61180838e-01]
 [ 3.25914325e-04  9.99120289e-01 -2.16887448e-01]]

Translation px: 0.421298
Rotation deg: 0.018694
Scale X: 0.99892748
Scale Y: 0.99912508
Determinant: 0.99804765
Axis dot: 0.00342181


==============================================================================
OUTPUTS
==============================================================================
E:\SIH26166\results\pair_004\auto_hypothesis_selection\candidates\lightglue_gradient\pair004_tiled_lightglue_metrics.json
E:\SIH26166\results\pair_004\auto_hypothesis_selection\candidates\lightglue_gradient\pair004_tiled_lightglue_inliers.csv
E:\SIH26166\results\pair_004\auto_hypothesis_selection\candidates\lightglue_gradient\pair004_tiled_lightglue_matches.png

PAIR 004 TILED LIGHTGLUE COMPLETE.
